model=nvidia/NVIDIA-Nemotron-Parse-2.0 task=parse dtype=bfloat16 revision=635b84d9b09bb9526b9a684d0b2c953d3cc3df05
Warning: You are sending unauthenticated requests to the HF Hub. Please set a HF_TOKEN to enable higher rate limits and faster downloads.
extra_models.py:   0%|          | 0.00/5.69k [00:00<?, ?B/s]extra_models.py: 100%|##########| 5.69k/5.69k [00:00<00:00, 26.6MB/s]
forward_intermediates.py:   0%|          | 0.00/5.60k [00:00<?, ?B/s]forward_intermediates.py: 100%|##########| 5.60k/5.60k [00:00<00:00, 30.1MB/s]
feature_normalizer.py:   0%|          | 0.00/4.40k [00:00<?, ?B/s]feature_normalizer.py: 100%|##########| 4.40k/4.40k [00:00<00:00, 24.8MB/s]
[transformers] A new version of the following files was downloaded from https://huggingface.co/nvidia/C-RADIOv2-H:
- feature_normalizer.py
. Make sure to double-check they do not contain any added malicious code. To avoid downloading new versions of the code file, you can pin a revision.
[transformers] A new version of the following files was downloaded from https://huggingface.co/nvidia/C-RADIOv2-H:
- forward_intermediates.py
- feature_normalizer.py
. Make sure to double-check they do not contain any added malicious code. To avoid downloading new versions of the code file, you can pin a revision.
input_conditioner.py:   0%|          | 0.00/1.49k [00:00<?, ?B/s]input_conditioner.py: 100%|##########| 1.49k/1.49k [00:00<00:00, 10.2MB/s]
[transformers] A new version of the following files was downloaded from https://huggingface.co/nvidia/C-RADIOv2-H:
- input_conditioner.py
. Make sure to double-check they do not contain any added malicious code. To avoid downloading new versions of the code file, you can pin a revision.
[transformers] A new version of the following files was downloaded from https://huggingface.co/nvidia/C-RADIOv2-H:
- extra_models.py
- forward_intermediates.py
- input_conditioner.py
. Make sure to double-check they do not contain any added malicious code. To avoid downloading new versions of the code file, you can pin a revision.
adaptor_registry.py:   0%|          | 0.00/1.37k [00:00<?, ?B/s]adaptor_registry.py: 100%|##########| 1.37k/1.37k [00:00<00:00, 10.2MB/s]
adaptor_generic.py:   0%|          | 0.00/3.31k [00:00<?, ?B/s]adaptor_generic.py: 100%|##########| 3.31k/3.31k [00:00<00:00, 21.1MB/s]
adaptor_base.py:   0%|          | 0.00/1.21k [00:00<?, ?B/s]adaptor_base.py: 100%|##########| 1.21k/1.21k [00:00<00:00, 8.67MB/s]
[transformers] A new version of the following files was downloaded from https://huggingface.co/nvidia/C-RADIOv2-H:
- adaptor_base.py
. Make sure to double-check they do not contain any added malicious code. To avoid downloading new versions of the code file, you can pin a revision.
adaptor_mlp.py:   0%|          | 0.00/6.02k [00:00<?, ?B/s]adaptor_mlp.py: 100%|##########| 6.02k/6.02k [00:00<00:00, 26.6MB/s]
[transformers] Encountered exception while importing einops: No module named 'einops'
Traceback (most recent call last):
  File "/root/Nemotron-on-AMD/scripts/mi300x/family-smoke.py", line 242, in main
    config = AutoConfig.from_pretrained(args.model, revision=args.revision, trust_remote_code=trust)
             ^^^^^^^^^^^^^^^^^^^^^^^^^^^^^^^^^^^^^^^^^^^^^^^^^^^^^^^^^^^^^^^^^^^^^^^^^^^^^^^^^^^^^^^
  File "/root/Nemotron-on-AMD/.venv-mi300x/lib/python3.12/site-packages/transformers/models/auto/configuration_auto.py", line 409, in from_pretrained
    return config_class.from_pretrained(pretrained_model_name_or_path, **kwargs)
           ^^^^^^^^^^^^^^^^^^^^^^^^^^^^^^^^^^^^^^^^^^^^^^^^^^^^^^^^^^^^^^^^^^^^^
  File "/root/Nemotron-on-AMD/.venv-mi300x/lib/python3.12/site-packages/transformers/configuration_utils.py", line 725, in from_pretrained
    return cls.from_dict(config_dict, **kwargs)
           ^^^^^^^^^^^^^^^^^^^^^^^^^^^^^^^^^^^^
  File "/root/Nemotron-on-AMD/.venv-mi300x/lib/python3.12/site-packages/transformers/configuration_utils.py", line 902, in from_dict
    config = cls(**config_dict)
             ^^^^^^^^^^^^^^^^^^
  File "/root/.cache/huggingface/modules/transformers_modules/nvidia/NVIDIA_hyphen_Nemotron_hyphen_Parse_hyphen_2_dot_0/635b84d9b09bb9526b9a684d0b2c953d3cc3df05/hf_nemotron_parse_config.py", line 113, in __init__
    vision_auto_config = get_class_from_dynamic_module(*encoder["auto_map"]["AutoConfig"].split("--")[::-1])
                         ^^^^^^^^^^^^^^^^^^^^^^^^^^^^^^^^^^^^^^^^^^^^^^^^^^^^^^^^^^^^^^^^^^^^^^^^^^^^^^^^^^^
  File "/root/Nemotron-on-AMD/.venv-mi300x/lib/python3.12/site-packages/transformers/dynamic_module_utils.py", line 612, in get_class_from_dynamic_module
    final_module = get_cached_module_file(
                   ^^^^^^^^^^^^^^^^^^^^^^^
  File "/root/Nemotron-on-AMD/.venv-mi300x/lib/python3.12/site-packages/transformers/dynamic_module_utils.py", line 490, in get_cached_module_file
    get_cached_module_file(
  File "/root/Nemotron-on-AMD/.venv-mi300x/lib/python3.12/site-packages/transformers/dynamic_module_utils.py", line 490, in get_cached_module_file
    get_cached_module_file(
  File "/root/Nemotron-on-AMD/.venv-mi300x/lib/python3.12/site-packages/transformers/dynamic_module_utils.py", line 490, in get_cached_module_file
    get_cached_module_file(
  File "/root/Nemotron-on-AMD/.venv-mi300x/lib/python3.12/site-packages/transformers/dynamic_module_utils.py", line 441, in get_cached_module_file
    modules_needed = check_imports(resolved_module_file)
                     ^^^^^^^^^^^^^^^^^^^^^^^^^^^^^^^^^^^
  File "/root/Nemotron-on-AMD/.venv-mi300x/lib/python3.12/site-packages/transformers/dynamic_module_utils.py", line 258, in check_imports
    raise ImportError(
ImportError: This modeling file requires the following packages that were not found in your environment: einops. Run `pip install einops`

