model=nvidia/NVIDIA-Nemotron-Parse-2.0 task=parse dtype=bfloat16 revision=635b84d9b09bb9526b9a684d0b2c953d3cc3df05
Warning: You are sending unauthenticated requests to the HF Hub. Please set a HF_TOKEN to enable higher rate limits and faster downloads.
extra_timm_models.py:   0%|          | 0.00/8.21k [00:00<?, ?B/s]extra_timm_models.py: 100%|##########| 8.21k/8.21k [00:00<00:00, 36.0MB/s]
[transformers] A new version of the following files was downloaded from https://huggingface.co/nvidia/C-RADIOv2-H:
- extra_timm_models.py
. Make sure to double-check they do not contain any added malicious code. To avoid downloading new versions of the code file, you can pin a revision.
eradio_model.py:   0%|          | 0.00/58.1k [00:00<?, ?B/s]eradio_model.py: 100%|##########| 58.1k/58.1k [00:00<00:00, 111MB/s]
[transformers] A new version of the following files was downloaded from https://huggingface.co/nvidia/C-RADIOv2-H:
- eradio_model.py
. Make sure to double-check they do not contain any added malicious code. To avoid downloading new versions of the code file, you can pin a revision.
common.py:   0%|          | 0.00/3.87k [00:00<?, ?B/s]common.py: 100%|##########| 3.87k/3.87k [00:00<00:00, 25.0MB/s]
radio_model.py:   0%|          | 0.00/13.2k [00:00<?, ?B/s]radio_model.py: 100%|##########| 13.2k/13.2k [00:00<00:00, 64.8MB/s]
[transformers] A new version of the following files was downloaded from https://huggingface.co/nvidia/C-RADIOv2-H:
- radio_model.py
. Make sure to double-check they do not contain any added malicious code. To avoid downloading new versions of the code file, you can pin a revision.
[transformers] A new version of the following files was downloaded from https://huggingface.co/nvidia/C-RADIOv2-H:
- common.py
- radio_model.py
. Make sure to double-check they do not contain any added malicious code. To avoid downloading new versions of the code file, you can pin a revision.
vitdet.py:   0%|          | 0.00/6.32k [00:00<?, ?B/s]vitdet.py: 100%|##########| 6.32k/6.32k [00:00<00:00, 37.6MB/s]
[transformers] A new version of the following files was downloaded from https://huggingface.co/nvidia/C-RADIOv2-H:
- vitdet.py
. Make sure to double-check they do not contain any added malicious code. To avoid downloading new versions of the code file, you can pin a revision.
dinov2_arch.py:   0%|          | 0.00/35.5k [00:00<?, ?B/s]dinov2_arch.py: 100%|##########| 35.5k/35.5k [00:00<00:00, 131MB/s]
[transformers] A new version of the following files was downloaded from https://huggingface.co/nvidia/C-RADIOv2-H:
- dinov2_arch.py
. Make sure to double-check they do not contain any added malicious code. To avoid downloading new versions of the code file, you can pin a revision.
[transformers] Encountered exception while importing open_clip: No module named 'ftfy'
Traceback (most recent call last):
  File "/root/Nemotron-on-AMD/scripts/mi300x/family-smoke.py", line 297, in main
    config = AutoConfig.from_pretrained(args.model, revision=args.revision, trust_remote_code=trust)
             ^^^^^^^^^^^^^^^^^^^^^^^^^^^^^^^^^^^^^^^^^^^^^^^^^^^^^^^^^^^^^^^^^^^^^^^^^^^^^^^^^^^^^^^
  File "/root/Nemotron-on-AMD/.venv-mi300x/lib/python3.12/site-packages/transformers/models/auto/configuration_auto.py", line 409, in from_pretrained
    return config_class.from_pretrained(pretrained_model_name_or_path, **kwargs)
           ^^^^^^^^^^^^^^^^^^^^^^^^^^^^^^^^^^^^^^^^^^^^^^^^^^^^^^^^^^^^^^^^^^^^^
  File "/root/Nemotron-on-AMD/.venv-mi300x/lib/python3.12/site-packages/transformers/configuration_utils.py", line 725, in from_pretrained
    return cls.from_dict(config_dict, **kwargs)
           ^^^^^^^^^^^^^^^^^^^^^^^^^^^^^^^^^^^^
  File "/root/Nemotron-on-AMD/.venv-mi300x/lib/python3.12/site-packages/transformers/configuration_utils.py", line 902, in from_dict
    config = cls(**config_dict)
             ^^^^^^^^^^^^^^^^^^
  File "/root/.cache/huggingface/modules/transformers_modules/nvidia/NVIDIA_hyphen_Nemotron_hyphen_Parse_hyphen_2_dot_0/635b84d9b09bb9526b9a684d0b2c953d3cc3df05/hf_nemotron_parse_config.py", line 113, in __init__
    vision_auto_config = get_class_from_dynamic_module(*encoder["auto_map"]["AutoConfig"].split("--")[::-1])
                         ^^^^^^^^^^^^^^^^^^^^^^^^^^^^^^^^^^^^^^^^^^^^^^^^^^^^^^^^^^^^^^^^^^^^^^^^^^^^^^^^^^^
  File "/root/Nemotron-on-AMD/.venv-mi300x/lib/python3.12/site-packages/transformers/dynamic_module_utils.py", line 612, in get_class_from_dynamic_module
    final_module = get_cached_module_file(
                   ^^^^^^^^^^^^^^^^^^^^^^^
  File "/root/Nemotron-on-AMD/.venv-mi300x/lib/python3.12/site-packages/transformers/dynamic_module_utils.py", line 490, in get_cached_module_file
    get_cached_module_file(
  File "/root/Nemotron-on-AMD/.venv-mi300x/lib/python3.12/site-packages/transformers/dynamic_module_utils.py", line 441, in get_cached_module_file
    modules_needed = check_imports(resolved_module_file)
                     ^^^^^^^^^^^^^^^^^^^^^^^^^^^^^^^^^^^
  File "/root/Nemotron-on-AMD/.venv-mi300x/lib/python3.12/site-packages/transformers/dynamic_module_utils.py", line 258, in check_imports
    raise ImportError(
ImportError: This modeling file requires the following packages that were not found in your environment: open_clip. Run `pip install open_clip`

