model=nvidia/NVIDIA-Nemotron-3-Super-120B-A12B-FP8 task=causal dtype=bfloat16 revision=None
Warning: You are sending unauthenticated requests to the HF Hub. Please set a HF_TOKEN to enable higher rate limits and faster downloads.
config.json:   0%|          | 0.00/8.44k [00:00<?, ?B/s]config.json: 100%|##########| 8.44k/8.44k [00:00<00:00, 26.0MB/s]
configuration_nemotron_h.py:   0%|          | 0.00/19.8k [00:00<?, ?B/s]configuration_nemotron_h.py: 100%|##########| 19.8k/19.8k [00:00<00:00, 58.1MB/s]
[transformers] A new version of the following files was downloaded from https://huggingface.co/nvidia/NVIDIA-Nemotron-3-Super-120B-A12B-FP8:
- configuration_nemotron_h.py
. Make sure to double-check they do not contain any added malicious code. To avoid downloading new versions of the code file, you can pin a revision.
resolved_task=causal architectures=['NemotronHForCausalLM'] model_type=nemotron_h
[transformers] `torch_dtype` is deprecated! Use `dtype` instead!
modeling_nemotron_h.py:   0%|          | 0.00/82.3k [00:00<?, ?B/s]modeling_nemotron_h.py: 100%|##########| 82.3k/82.3k [00:00<00:00, 164MB/s]
[transformers] A new version of the following files was downloaded from https://huggingface.co/nvidia/NVIDIA-Nemotron-3-Super-120B-A12B-FP8:
- modeling_nemotron_h.py
. Make sure to double-check they do not contain any added malicious code. To avoid downloading new versions of the code file, you can pin a revision.
CausalLM load failed (ImportError); trying ImageTextToText
Traceback (most recent call last):
  File "/root/.cache/huggingface/modules/transformers_modules/nvidia/NVIDIA_hyphen_Nemotron_hyphen_3_hyphen_Super_hyphen_120B_hyphen_A12B_hyphen_FP8/7d7e5797b8a3c7abbab54033b6004e93e8b6bc91/modeling_nemotron_h.py", line 61, in <module>
    from mamba_ssm.ops.triton.layernorm_gated import rmsnorm_fn
ModuleNotFoundError: No module named 'mamba_ssm'

During handling of the above exception, another exception occurred:

Traceback (most recent call last):
  File "/root/Nemotron-on-AMD/scripts/mi300x/family-smoke.py", line 394, in main
    model = AutoModelForCausalLM.from_pretrained(args.model, **load_kwargs)
            ^^^^^^^^^^^^^^^^^^^^^^^^^^^^^^^^^^^^^^^^^^^^^^^^^^^^^^^^^^^^^^^
  File "/root/Nemotron-on-AMD/.venv-mi300x/lib/python3.12/site-packages/transformers/models/auto/auto_factory.py", line 378, in from_pretrained
    model_class = get_class_from_dynamic_module(
                  ^^^^^^^^^^^^^^^^^^^^^^^^^^^^^^
  File "/root/Nemotron-on-AMD/.venv-mi300x/lib/python3.12/site-packages/transformers/dynamic_module_utils.py", line 623, in get_class_from_dynamic_module
    return get_class_in_module(class_name, final_module, force_reload=force_download)
           ^^^^^^^^^^^^^^^^^^^^^^^^^^^^^^^^^^^^^^^^^^^^^^^^^^^^^^^^^^^^^^^^^^^^^^^^^^
  File "/root/Nemotron-on-AMD/.venv-mi300x/lib/python3.12/site-packages/transformers/dynamic_module_utils.py", line 309, in get_class_in_module
    module_spec.loader.exec_module(module)
  File "<frozen importlib._bootstrap_external>", line 995, in exec_module
  File "<frozen importlib._bootstrap>", line 488, in _call_with_frames_removed
  File "/root/.cache/huggingface/modules/transformers_modules/nvidia/NVIDIA_hyphen_Nemotron_hyphen_3_hyphen_Super_hyphen_120B_hyphen_A12B_hyphen_FP8/7d7e5797b8a3c7abbab54033b6004e93e8b6bc91/modeling_nemotron_h.py", line 63, in <module>
    raise ImportError("mamba-ssm is required by the Mamba model but cannot be imported")
ImportError: mamba-ssm is required by the Mamba model but cannot be imported

During handling of the above exception, another exception occurred:

Traceback (most recent call last):
  File "/root/Nemotron-on-AMD/scripts/mi300x/family-smoke.py", line 401, in main
    model = AutoModelForImageTextToText.from_pretrained(args.model, **load_kwargs_retry)
            ^^^^^^^^^^^^^^^^^^^^^^^^^^^^^^^^^^^^^^^^^^^^^^^^^^^^^^^^^^^^^^^^^^^^^^^^^^^^
  File "/root/Nemotron-on-AMD/.venv-mi300x/lib/python3.12/site-packages/transformers/models/auto/auto_factory.py", line 405, in from_pretrained
    raise ValueError(
ValueError: Unrecognized configuration class <class 'transformers_modules.nvidia.NVIDIA_hyphen_Nemotron_hyphen_3_hyphen_Super_hyphen_120B_hyphen_A12B_hyphen_FP8.7d7e5797b8a3c7abbab54033b6004e93e8b6bc91.configuration_nemotron_h.NemotronHConfig'> for this kind of AutoModel: AutoModelForImageTextToText.
Model type should be one of AriaConfig, AyaVisionConfig, BlipConfig, Blip2Config, ChameleonConfig, Cohere2VisionConfig, Cosmos3EdgeConfig, Cosmos3OmniConfig, DeepseekOcr2Config, DeepseekVLConfig, DeepseekVLHybridConfig, DiffusionGemmaConfig, Emu3Config, Ernie4_5_VLMoeConfig, EvollaConfig, Exaone4_5_Config, FastVlmConfig, Florence2Config, FuyuConfig, Gemma3Config, Gemma3nConfig, Gemma4Config, Gemma4UnifiedConfig, GitConfig, Glm46VConfig, Glm4vConfig, Glm4vMoeConfig, GlmOcrConfig, GlmgaConfig, GotOcr2Config, Granite4VisionConfig, HunYuanVLConfig, IdeficsConfig, Idefics2Config, Idefics3Config, InklingConfig, InstructBlipConfig, InstructBlipVideoConfig, InternVLConfig, JanusConfig, Kimi_K25Config, Kosmos2Config, Kosmos2_5Config, Lfm2VlConfig, LightOnOcrConfig, Llama4Config, LlavaConfig, LlavaNextConfig, LlavaNextVideoConfig, LlavaOnevisionConfig, MiniCPMV4_6Config, MiniMaxM3VLConfig, Mistral3Config, Mistral4Config, MllamaConfig, MuseGlimmerConfig, Ovis2Config, PaddleOCRVLConfig, PaliGemmaConfig, PerceptionLMConfig, PI0Config, Pix2StructConfig, PPChart2TableConfig, PPFormulaNetConfig, QianfanOCRConfig, Qwen2_5OmniThinkerConfig, Qwen2_5_VLConfig, Qwen2VLConfig, Qwen3_5Config, Qwen3_5MoeConfig, Qwen3OmniMoeThinkerConfig, Qwen3VLConfig, Qwen3VLMoeConfig, ShieldGemma2Config, SmolVLMConfig, T5Gemma2Config, UdopConfig, VideoLlama3Config, VideoLlavaConfig, VipLlavaConfig, VisionEncoderDecoderConfig.

During handling of the above exception, another exception occurred:

Traceback (most recent call last):
  File "/root/.cache/huggingface/modules/transformers_modules/nvidia/NVIDIA_hyphen_Nemotron_hyphen_3_hyphen_Super_hyphen_120B_hyphen_A12B_hyphen_FP8/7d7e5797b8a3c7abbab54033b6004e93e8b6bc91/modeling_nemotron_h.py", line 61, in <module>
    from mamba_ssm.ops.triton.layernorm_gated import rmsnorm_fn
ModuleNotFoundError: No module named 'mamba_ssm'

During handling of the above exception, another exception occurred:

Traceback (most recent call last):
  File "/root/Nemotron-on-AMD/scripts/mi300x/family-smoke.py", line 404, in main
    model = AutoModelForCausalLM.from_pretrained(args.model, **{**load_kwargs_retry, "trust_remote_code": True})
            ^^^^^^^^^^^^^^^^^^^^^^^^^^^^^^^^^^^^^^^^^^^^^^^^^^^^^^^^^^^^^^^^^^^^^^^^^^^^^^^^^^^^^^^^^^^^^^^^^^^^
  File "/root/Nemotron-on-AMD/.venv-mi300x/lib/python3.12/site-packages/transformers/models/auto/auto_factory.py", line 378, in from_pretrained
    model_class = get_class_from_dynamic_module(
                  ^^^^^^^^^^^^^^^^^^^^^^^^^^^^^^
  File "/root/Nemotron-on-AMD/.venv-mi300x/lib/python3.12/site-packages/transformers/dynamic_module_utils.py", line 623, in get_class_from_dynamic_module
    return get_class_in_module(class_name, final_module, force_reload=force_download)
           ^^^^^^^^^^^^^^^^^^^^^^^^^^^^^^^^^^^^^^^^^^^^^^^^^^^^^^^^^^^^^^^^^^^^^^^^^^
  File "/root/Nemotron-on-AMD/.venv-mi300x/lib/python3.12/site-packages/transformers/dynamic_module_utils.py", line 309, in get_class_in_module
    module_spec.loader.exec_module(module)
  File "<frozen importlib._bootstrap_external>", line 995, in exec_module
  File "<frozen importlib._bootstrap>", line 488, in _call_with_frames_removed
  File "/root/.cache/huggingface/modules/transformers_modules/nvidia/NVIDIA_hyphen_Nemotron_hyphen_3_hyphen_Super_hyphen_120B_hyphen_A12B_hyphen_FP8/7d7e5797b8a3c7abbab54033b6004e93e8b6bc91/modeling_nemotron_h.py", line 63, in <module>
    raise ImportError("mamba-ssm is required by the Mamba model but cannot be imported")
ImportError: mamba-ssm is required by the Mamba model but cannot be imported

