model=nvidia/NVIDIA-Nemotron-Parse-2.0 task=parse dtype=bfloat16 revision=635b84d9b09bb9526b9a684d0b2c953d3cc3df05
Warning: You are sending unauthenticated requests to the HF Hub. Please set a HF_TOKEN to enable higher rate limits and faster downloads.
cls_token.py:   0%|          | 0.00/1.79k [00:00<?, ?B/s]cls_token.py: 100%|##########| 1.79k/1.79k [00:00<00:00, 9.14MB/s]
[transformers] A new version of the following files was downloaded from https://huggingface.co/nvidia/C-RADIOv2-H:
- cls_token.py
. Make sure to double-check they do not contain any added malicious code. To avoid downloading new versions of the code file, you can pin a revision.
enable_cpe_support.py:   0%|          | 0.00/6.02k [00:00<?, ?B/s]enable_cpe_support.py: 100%|##########| 6.02k/6.02k [00:00<00:00, 36.4MB/s]
vit_patch_generator.py:   0%|          | 0.00/11.0k [00:00<?, ?B/s]vit_patch_generator.py: 100%|##########| 11.0k/11.0k [00:00<00:00, 54.5MB/s]
[transformers] A new version of the following files was downloaded from https://huggingface.co/nvidia/C-RADIOv2-H:
- vit_patch_generator.py
. Make sure to double-check they do not contain any added malicious code. To avoid downloading new versions of the code file, you can pin a revision.
dual_hybrid_vit.py:   0%|          | 0.00/7.18k [00:00<?, ?B/s]dual_hybrid_vit.py: 100%|##########| 7.18k/7.18k [00:00<00:00, 42.8MB/s]
[transformers] A new version of the following files was downloaded from https://huggingface.co/nvidia/C-RADIOv2-H:
- dual_hybrid_vit.py
. Make sure to double-check they do not contain any added malicious code. To avoid downloading new versions of the code file, you can pin a revision.
[transformers] A new version of the following files was downloaded from https://huggingface.co/nvidia/C-RADIOv2-H:
- enable_cpe_support.py
- vit_patch_generator.py
- dual_hybrid_vit.py
. Make sure to double-check they do not contain any added malicious code. To avoid downloading new versions of the code file, you can pin a revision.
enable_spectral_reparam.py:   0%|          | 0.00/11.0k [00:00<?, ?B/s]enable_spectral_reparam.py: 100%|##########| 11.0k/11.0k [00:00<00:00, 47.4MB/s]
[transformers] A new version of the following files was downloaded from https://huggingface.co/nvidia/C-RADIOv2-H:
- enable_spectral_reparam.py
. Make sure to double-check they do not contain any added malicious code. To avoid downloading new versions of the code file, you can pin a revision.
[transformers] A new version of the following files was downloaded from https://huggingface.co/nvidia/C-RADIOv2-H:
- enable_spectral_reparam.py
. Make sure to double-check they do not contain any added malicious code. To avoid downloading new versions of the code file, you can pin a revision.
open_clip_adaptor.py:   0%|          | 0.00/1.55k [00:00<?, ?B/s]open_clip_adaptor.py: 100%|##########| 1.55k/1.55k [00:00<00:00, 10.0MB/s]
[transformers] Encountered exception while importing open_clip: No module named 'open_clip'
Traceback (most recent call last):
  File "/root/Nemotron-on-AMD/scripts/mi300x/family-smoke.py", line 297, in main
    config = AutoConfig.from_pretrained(args.model, revision=args.revision, trust_remote_code=trust)
             ^^^^^^^^^^^^^^^^^^^^^^^^^^^^^^^^^^^^^^^^^^^^^^^^^^^^^^^^^^^^^^^^^^^^^^^^^^^^^^^^^^^^^^^
  File "/root/Nemotron-on-AMD/.venv-mi300x/lib/python3.12/site-packages/transformers/models/auto/configuration_auto.py", line 409, in from_pretrained
    return config_class.from_pretrained(pretrained_model_name_or_path, **kwargs)
           ^^^^^^^^^^^^^^^^^^^^^^^^^^^^^^^^^^^^^^^^^^^^^^^^^^^^^^^^^^^^^^^^^^^^^
  File "/root/Nemotron-on-AMD/.venv-mi300x/lib/python3.12/site-packages/transformers/configuration_utils.py", line 725, in from_pretrained
    return cls.from_dict(config_dict, **kwargs)
           ^^^^^^^^^^^^^^^^^^^^^^^^^^^^^^^^^^^^
  File "/root/Nemotron-on-AMD/.venv-mi300x/lib/python3.12/site-packages/transformers/configuration_utils.py", line 902, in from_dict
    config = cls(**config_dict)
             ^^^^^^^^^^^^^^^^^^
  File "/root/.cache/huggingface/modules/transformers_modules/nvidia/NVIDIA_hyphen_Nemotron_hyphen_Parse_hyphen_2_dot_0/635b84d9b09bb9526b9a684d0b2c953d3cc3df05/hf_nemotron_parse_config.py", line 113, in __init__
    vision_auto_config = get_class_from_dynamic_module(*encoder["auto_map"]["AutoConfig"].split("--")[::-1])
                         ^^^^^^^^^^^^^^^^^^^^^^^^^^^^^^^^^^^^^^^^^^^^^^^^^^^^^^^^^^^^^^^^^^^^^^^^^^^^^^^^^^^
  File "/root/Nemotron-on-AMD/.venv-mi300x/lib/python3.12/site-packages/transformers/dynamic_module_utils.py", line 612, in get_class_from_dynamic_module
    final_module = get_cached_module_file(
                   ^^^^^^^^^^^^^^^^^^^^^^^
  File "/root/Nemotron-on-AMD/.venv-mi300x/lib/python3.12/site-packages/transformers/dynamic_module_utils.py", line 490, in get_cached_module_file
    get_cached_module_file(
  File "/root/Nemotron-on-AMD/.venv-mi300x/lib/python3.12/site-packages/transformers/dynamic_module_utils.py", line 441, in get_cached_module_file
    modules_needed = check_imports(resolved_module_file)
                     ^^^^^^^^^^^^^^^^^^^^^^^^^^^^^^^^^^^
  File "/root/Nemotron-on-AMD/.venv-mi300x/lib/python3.12/site-packages/transformers/dynamic_module_utils.py", line 258, in check_imports
    raise ImportError(
ImportError: This modeling file requires the following packages that were not found in your environment: open_clip. Run `pip install open_clip`

