model=nvidia/omni-embed-nemotron-3b task=vl-embed dtype=bfloat16 revision=None
Warning: You are sending unauthenticated requests to the HF Hub. Please set a HF_TOKEN to enable higher rate limits and faster downloads.
config.json:   0%|          | 0.00/2.87k [00:00<?, ?B/s]config.json: 100%|##########| 2.87k/2.87k [00:00<00:00, 14.9MB/s]
retry AutoConfig with trust_remote_code=True
modeling_nv_omni_embed.py:   0%|          | 0.00/1.87k [00:00<?, ?B/s]modeling_nv_omni_embed.py: 100%|##########| 1.87k/1.87k [00:00<00:00, 11.8MB/s]
[transformers] A new version of the following files was downloaded from https://huggingface.co/nvidia/omni-embed-nemotron-3b:
- modeling_nv_omni_embed.py
. Make sure to double-check they do not contain any added malicious code. To avoid downloading new versions of the code file, you can pin a revision.
resolved_task=vl-embed architectures=['NVOmniEmbedModel'] model_type=nvomniembed
preprocessor_config.json:   0%|          | 0.00/667 [00:00<?, ?B/s]preprocessor_config.json: 100%|##########| 667/667 [00:00<00:00, 6.60MB/s]
chat_template.jinja:   0%|          | 0.00/1.28k [00:00<?, ?B/s]chat_template.jinja: 100%|##########| 1.28k/1.28k [00:00<00:00, 7.58MB/s]
sentence_transformers.jinja:   0%|          | 0.00/805 [00:00<?, ?B/s]sentence_transformers.jinja: 100%|##########| 805/805 [00:00<00:00, 8.46MB/s]
[transformers] The `use_fast` parameter is deprecated and will be removed in a future version. Use `backend="torchvision"` instead of `use_fast=True`, or `backend="pil"` instead of `use_fast=False`.
Traceback (most recent call last):
  File "/root/Nemotron-on-AMD/scripts/mi300x/family-smoke.py", line 565, in _run_vl
    processor = AutoProcessor.from_pretrained(args.model, revision=args.revision, trust_remote_code=True)
                ^^^^^^^^^^^^^^^^^^^^^^^^^^^^^^^^^^^^^^^^^^^^^^^^^^^^^^^^^^^^^^^^^^^^^^^^^^^^^^^^^^^^^^^^^
  File "/root/Nemotron-on-AMD/.venv-mi300x/lib/python3.12/site-packages/transformers/models/auto/processing_auto.py", line 328, in from_pretrained
    return processor_class.from_pretrained(
           ^^^^^^^^^^^^^^^^^^^^^^^^^^^^^^^^
  File "/root/Nemotron-on-AMD/.venv-mi300x/lib/python3.12/site-packages/transformers/processing_utils.py", line 1731, in from_pretrained
    args = cls._get_arguments_from_pretrained(pretrained_model_name_or_path, processor_dict, **kwargs)
           ^^^^^^^^^^^^^^^^^^^^^^^^^^^^^^^^^^^^^^^^^^^^^^^^^^^^^^^^^^^^^^^^^^^^^^^^^^^^^^^^^^^^^^^^^^^
  File "/root/Nemotron-on-AMD/.venv-mi300x/lib/python3.12/site-packages/transformers/processing_utils.py", line 1871, in _get_arguments_from_pretrained
    sub_processor = auto_processor_class.from_pretrained(
                    ^^^^^^^^^^^^^^^^^^^^^^^^^^^^^^^^^^^^^
  File "/root/Nemotron-on-AMD/.venv-mi300x/lib/python3.12/site-packages/transformers/models/auto/video_processing_auto.py", line 379, in from_pretrained
    return video_processor_class.from_pretrained(pretrained_model_name_or_path, *inputs, **kwargs)
           ^^^^^^^^^^^^^^^^^^^^^^^^^^^^^^^^^^^^^
  File "/root/Nemotron-on-AMD/.venv-mi300x/lib/python3.12/site-packages/transformers/utils/import_utils.py", line 2363, in __getattribute__
    requires_backends(cls, cls._backends)
  File "/root/Nemotron-on-AMD/.venv-mi300x/lib/python3.12/site-packages/transformers/utils/import_utils.py", line 2349, in requires_backends
    raise ImportError("".join(failed))
ImportError: 
Qwen2VLVideoProcessor requires the Torchvision library but it was not found in your environment. Check out the instructions on the
installation page: https://pytorch.org/get-started/locally/ and follow the ones that match your environment.
Please note that you may need to restart your runtime after installation.


During handling of the above exception, another exception occurred:

Traceback (most recent call last):
  File "/root/Nemotron-on-AMD/scripts/mi300x/family-smoke.py", line 368, in main
    _run_vl(args, load_kwargs, trust, result_payload, task, work_dir)
  File "/root/Nemotron-on-AMD/scripts/mi300x/family-smoke.py", line 567, in _run_vl
    processor = AutoProcessor.from_pretrained(args.model, revision=args.revision, trust_remote_code=True, use_fast=False)
                ^^^^^^^^^^^^^^^^^^^^^^^^^^^^^^^^^^^^^^^^^^^^^^^^^^^^^^^^^^^^^^^^^^^^^^^^^^^^^^^^^^^^^^^^^^^^^^^^^^^^^^^^^
  File "/root/Nemotron-on-AMD/.venv-mi300x/lib/python3.12/site-packages/transformers/models/auto/processing_auto.py", line 328, in from_pretrained
    return processor_class.from_pretrained(
           ^^^^^^^^^^^^^^^^^^^^^^^^^^^^^^^^
  File "/root/Nemotron-on-AMD/.venv-mi300x/lib/python3.12/site-packages/transformers/processing_utils.py", line 1731, in from_pretrained
    args = cls._get_arguments_from_pretrained(pretrained_model_name_or_path, processor_dict, **kwargs)
           ^^^^^^^^^^^^^^^^^^^^^^^^^^^^^^^^^^^^^^^^^^^^^^^^^^^^^^^^^^^^^^^^^^^^^^^^^^^^^^^^^^^^^^^^^^^
  File "/root/Nemotron-on-AMD/.venv-mi300x/lib/python3.12/site-packages/transformers/processing_utils.py", line 1871, in _get_arguments_from_pretrained
    sub_processor = auto_processor_class.from_pretrained(
                    ^^^^^^^^^^^^^^^^^^^^^^^^^^^^^^^^^^^^^
  File "/root/Nemotron-on-AMD/.venv-mi300x/lib/python3.12/site-packages/transformers/models/auto/video_processing_auto.py", line 379, in from_pretrained
    return video_processor_class.from_pretrained(pretrained_model_name_or_path, *inputs, **kwargs)
           ^^^^^^^^^^^^^^^^^^^^^^^^^^^^^^^^^^^^^
  File "/root/Nemotron-on-AMD/.venv-mi300x/lib/python3.12/site-packages/transformers/utils/import_utils.py", line 2363, in __getattribute__
    requires_backends(cls, cls._backends)
  File "/root/Nemotron-on-AMD/.venv-mi300x/lib/python3.12/site-packages/transformers/utils/import_utils.py", line 2349, in requires_backends
    raise ImportError("".join(failed))
ImportError: 
Qwen2VLVideoProcessor requires the Torchvision library but it was not found in your environment. Check out the instructions on the
installation page: https://pytorch.org/get-started/locally/ and follow the ones that match your environment.
Please note that you may need to restart your runtime after installation.


