model=nvidia/Nemotron-3-Nano-Omni-30B-A3B-Reasoning-FP8 task=causal dtype=bfloat16 revision=6647b845a4b786c6e2c7adb1b6a909e1aa71fac2
resolved_task=causal architectures=['NemotronH_Nano_Omni_Reasoning_V3'] model_type=NemotronH_Nano_Omni_Reasoning_V3
override config attn 'flash_attention_2' -> sdpa
[transformers] `torch_dtype` is deprecated! Use `dtype` instead!
CausalLM load failed (ImportError): mamba-ssm is required by the Mamba model but cannot be imported
ImageTextToText failed (ValueError); CausalLM sdpa retry
Traceback (most recent call last):
  File "/root/.cache/huggingface/modules/transformers_modules/nvidia/Nemotron_hyphen_3_hyphen_Nano_hyphen_Omni_hyphen_30B_hyphen_A3B_hyphen_Reasoning_hyphen_FP8/6647b845a4b786c6e2c7adb1b6a909e1aa71fac2/modeling_nemotron_h.py", line 64, in <module>
    from mamba_ssm.ops.triton.layernorm_gated import rmsnorm_fn
ModuleNotFoundError: No module named 'mamba_ssm'

During handling of the above exception, another exception occurred:

Traceback (most recent call last):
  File "/root/Nemotron-on-AMD/scripts/mi300x/family-smoke.py", line 402, in main
    model = AutoModelForCausalLM.from_pretrained(args.model, **load_kwargs)
            ^^^^^^^^^^^^^^^^^^^^^^^^^^^^^^^^^^^^^^^^^^^^^^^^^^^^^^^^^^^^^^^
  File "/root/Nemotron-on-AMD/.venv-mi300x/lib/python3.12/site-packages/transformers/models/auto/auto_factory.py", line 378, in from_pretrained
    model_class = get_class_from_dynamic_module(
                  ^^^^^^^^^^^^^^^^^^^^^^^^^^^^^^
  File "/root/Nemotron-on-AMD/.venv-mi300x/lib/python3.12/site-packages/transformers/dynamic_module_utils.py", line 623, in get_class_from_dynamic_module
    return get_class_in_module(class_name, final_module, force_reload=force_download)
           ^^^^^^^^^^^^^^^^^^^^^^^^^^^^^^^^^^^^^^^^^^^^^^^^^^^^^^^^^^^^^^^^^^^^^^^^^^
  File "/root/Nemotron-on-AMD/.venv-mi300x/lib/python3.12/site-packages/transformers/dynamic_module_utils.py", line 309, in get_class_in_module
    module_spec.loader.exec_module(module)
  File "<frozen importlib._bootstrap_external>", line 995, in exec_module
  File "<frozen importlib._bootstrap>", line 488, in _call_with_frames_removed
  File "/root/.cache/huggingface/modules/transformers_modules/nvidia/Nemotron_hyphen_3_hyphen_Nano_hyphen_Omni_hyphen_30B_hyphen_A3B_hyphen_Reasoning_hyphen_FP8/6647b845a4b786c6e2c7adb1b6a909e1aa71fac2/modeling.py", line 28, in <module>
    from .modeling_nemotron_h import NemotronHForCausalLM
  File "/root/.cache/huggingface/modules/transformers_modules/nvidia/Nemotron_hyphen_3_hyphen_Nano_hyphen_Omni_hyphen_30B_hyphen_A3B_hyphen_Reasoning_hyphen_FP8/6647b845a4b786c6e2c7adb1b6a909e1aa71fac2/modeling_nemotron_h.py", line 66, in <module>
    raise ImportError("mamba-ssm is required by the Mamba model but cannot be imported")
ImportError: mamba-ssm is required by the Mamba model but cannot be imported

During handling of the above exception, another exception occurred:

Traceback (most recent call last):
  File "/root/Nemotron-on-AMD/scripts/mi300x/family-smoke.py", line 410, in main
    model = AutoModelForImageTextToText.from_pretrained(args.model, **load_kwargs_retry)
            ^^^^^^^^^^^^^^^^^^^^^^^^^^^^^^^^^^^^^^^^^^^^^^^^^^^^^^^^^^^^^^^^^^^^^^^^^^^^
  File "/root/Nemotron-on-AMD/.venv-mi300x/lib/python3.12/site-packages/transformers/models/auto/auto_factory.py", line 405, in from_pretrained
    raise ValueError(
ValueError: Unrecognized configuration class <class 'transformers_modules.nvidia.Nemotron_hyphen_3_hyphen_Nano_hyphen_Omni_hyphen_30B_hyphen_A3B_hyphen_Reasoning_hyphen_FP8.6647b845a4b786c6e2c7adb1b6a909e1aa71fac2.configuration.NemotronH_Nano_Omni_Reasoning_V3_Config'> for this kind of AutoModel: AutoModelForImageTextToText.
Model type should be one of AriaConfig, AyaVisionConfig, BlipConfig, Blip2Config, ChameleonConfig, Cohere2VisionConfig, Cosmos3EdgeConfig, Cosmos3OmniConfig, DeepseekOcr2Config, DeepseekVLConfig, DeepseekVLHybridConfig, DiffusionGemmaConfig, Emu3Config, Ernie4_5_VLMoeConfig, EvollaConfig, Exaone4_5_Config, FastVlmConfig, Florence2Config, FuyuConfig, Gemma3Config, Gemma3nConfig, Gemma4Config, Gemma4UnifiedConfig, GitConfig, Glm46VConfig, Glm4vConfig, Glm4vMoeConfig, GlmOcrConfig, GlmgaConfig, GotOcr2Config, Granite4VisionConfig, HunYuanVLConfig, IdeficsConfig, Idefics2Config, Idefics3Config, InklingConfig, InstructBlipConfig, InstructBlipVideoConfig, InternVLConfig, JanusConfig, Kimi_K25Config, Kosmos2Config, Kosmos2_5Config, Lfm2VlConfig, LightOnOcrConfig, Llama4Config, LlavaConfig, LlavaNextConfig, LlavaNextVideoConfig, LlavaOnevisionConfig, MiniCPMV4_6Config, MiniMaxM3VLConfig, Mistral3Config, Mistral4Config, MllamaConfig, MuseGlimmerConfig, Ovis2Config, PaddleOCRVLConfig, PaliGemmaConfig, PerceptionLMConfig, PI0Config, Pix2StructConfig, PPChart2TableConfig, PPFormulaNetConfig, QianfanOCRConfig, Qwen2_5OmniThinkerConfig, Qwen2_5_VLConfig, Qwen2VLConfig, Qwen3_5Config, Qwen3_5MoeConfig, Qwen3OmniMoeThinkerConfig, Qwen3VLConfig, Qwen3VLMoeConfig, ShieldGemma2Config, SmolVLMConfig, T5Gemma2Config, UdopConfig, VideoLlama3Config, VideoLlavaConfig, VipLlavaConfig, VisionEncoderDecoderConfig.

During handling of the above exception, another exception occurred:

Traceback (most recent call last):
  File "/root/.cache/huggingface/modules/transformers_modules/nvidia/Nemotron_hyphen_3_hyphen_Nano_hyphen_Omni_hyphen_30B_hyphen_A3B_hyphen_Reasoning_hyphen_FP8/6647b845a4b786c6e2c7adb1b6a909e1aa71fac2/modeling_nemotron_h.py", line 64, in <module>
    from mamba_ssm.ops.triton.layernorm_gated import rmsnorm_fn
ModuleNotFoundError: No module named 'mamba_ssm'

During handling of the above exception, another exception occurred:

Traceback (most recent call last):
  File "/root/Nemotron-on-AMD/scripts/mi300x/family-smoke.py", line 413, in main
    model = AutoModelForCausalLM.from_pretrained(args.model, **load_kwargs_retry)
            ^^^^^^^^^^^^^^^^^^^^^^^^^^^^^^^^^^^^^^^^^^^^^^^^^^^^^^^^^^^^^^^^^^^^^
  File "/root/Nemotron-on-AMD/.venv-mi300x/lib/python3.12/site-packages/transformers/models/auto/auto_factory.py", line 378, in from_pretrained
    model_class = get_class_from_dynamic_module(
                  ^^^^^^^^^^^^^^^^^^^^^^^^^^^^^^
  File "/root/Nemotron-on-AMD/.venv-mi300x/lib/python3.12/site-packages/transformers/dynamic_module_utils.py", line 623, in get_class_from_dynamic_module
    return get_class_in_module(class_name, final_module, force_reload=force_download)
           ^^^^^^^^^^^^^^^^^^^^^^^^^^^^^^^^^^^^^^^^^^^^^^^^^^^^^^^^^^^^^^^^^^^^^^^^^^
  File "/root/Nemotron-on-AMD/.venv-mi300x/lib/python3.12/site-packages/transformers/dynamic_module_utils.py", line 309, in get_class_in_module
    module_spec.loader.exec_module(module)
  File "<frozen importlib._bootstrap_external>", line 995, in exec_module
  File "<frozen importlib._bootstrap>", line 488, in _call_with_frames_removed
  File "/root/.cache/huggingface/modules/transformers_modules/nvidia/Nemotron_hyphen_3_hyphen_Nano_hyphen_Omni_hyphen_30B_hyphen_A3B_hyphen_Reasoning_hyphen_FP8/6647b845a4b786c6e2c7adb1b6a909e1aa71fac2/modeling.py", line 28, in <module>
    from .modeling_nemotron_h import NemotronHForCausalLM
  File "/root/.cache/huggingface/modules/transformers_modules/nvidia/Nemotron_hyphen_3_hyphen_Nano_hyphen_Omni_hyphen_30B_hyphen_A3B_hyphen_Reasoning_hyphen_FP8/6647b845a4b786c6e2c7adb1b6a909e1aa71fac2/modeling_nemotron_h.py", line 66, in <module>
    raise ImportError("mamba-ssm is required by the Mamba model but cannot be imported")
ImportError: mamba-ssm is required by the Mamba model but cannot be imported

